// Jest Snapshot v1, https://goo.gl/fbAQLP

exports[`RecommendationsScreen Should have a snapshot 1`] = `
<View
  style={
    {
      "backgroundColor": "#F5F7FC",
      "flex": 1,
    }
  }
>
  <RNCSafeAreaView
    edges={
      {
        "bottom": "additive",
        "left": "additive",
        "right": "additive",
        "top": "additive",
      }
    }
    style={
      {
        "backgroundColor": "#F5F7FC",
        "flex": 1,
      }
    }
  />
  <RCTScrollView
    collapsable={false}
    handlerTag={2}
    handlerType="NativeViewGestureHandler"
    onGestureHandlerEvent={[Function]}
    onGestureHandlerStateChange={[Function]}
    style={
      {
        "paddingLeft": 10,
        "paddingRight": 10,
      }
    }
    waitFor={
      [
        {
          "current": null,
        },
      ]
    }
  >
    <View>
      <View
        style={
          {
            "height": 1134,
            "width": "100%",
          }
        }
      >
        <ActivityIndicator
          color="#1C58F2"
          size="large"
          style={
            {
              "alignItems": "center",
              "flex": 1,
              "justifyContent": "center",
            }
          }
        />
      </View>
      <View
        style={
          {
            "backgroundColor": "#F5F7FC",
            "height": 200,
          }
        }
      />
      <View
        style={
          {
            "backgroundColor": "#F5F7FC",
            "height": "40%",
          }
        }
      />
    </View>
  </RCTScrollView>
</View>
`;
