// Jest Snapshot v1, https://goo.gl/fbAQLP

exports[`AccountInformationModal Should have a snapshot 1`] = `
<Modal
  animationType="slide"
  hardwareAccelerated={false}
  transparent={true}
  visible={true}
>
  <View
    style={
      {
        "backgroundColor": "rgba(0, 0, 0, 0.7)",
        "flex": 1,
      }
    }
  >
    <View
      style={
        [
          {
            "backgroundColor": "white",
            "borderTopLeftRadius": 30,
            "borderTopRightRadius": 30,
            "bottom": 0,
            "position": "absolute",
            "width": "100%",
          },
          {
            "paddingBottom": 25,
          },
        ]
      }
    >
      <View
        style={
          {
            "paddingBottom": 140,
            "paddingLeft": "7.5%",
            "paddingRight": "7.5%",
            "paddingTop": 20,
          }
        }
      >
        <View
          style={
            {
              "backgroundColor": "white",
              "flexDirection": "row",
              "paddingTop": "4%",
              "width": "100%",
            }
          }
        >
          <View
            style={
              {
                "paddingLeft": "5%",
                "width": "50%",
              }
            }
          >
            <Text
              style={
                {
                  "color": "#525357",
                  "fontSize": 16,
                  "fontWeight": "700",
                  "paddingBottom": "4%",
                }
              }
            >
              First Name
            </Text>
            <Text
              style={
                [
                  {
                    "color": "#333333",
                    "fontSize": 16,
                    "fontWeight": "700",
                  },
                  {
                    "paddingLeft": "5%",
                  },
                ]
              }
            />
          </View>
          <View
            style={
              {
                "paddingLeft": "5%",
                "width": "50%",
              }
            }
          >
            <Text
              style={
                {
                  "color": "#525357",
                  "fontSize": 16,
                  "fontWeight": "700",
                  "paddingBottom": "4%",
                }
              }
            >
              Last Name
            </Text>
            <Text
              style={
                [
                  {
                    "color": "#333333",
                    "fontSize": 16,
                    "fontWeight": "700",
                  },
                  {
                    "paddingLeft": "5%",
                  },
                ]
              }
            />
          </View>
        </View>
        <View
          style={
            {
              "backgroundColor": "white",
              "flexDirection": "row",
              "paddingTop": "4%",
              "width": "100%",
            }
          }
        >
          <View
            style={
              {
                "paddingLeft": "5%",
              }
            }
          >
            <Text
              style={
                {
                  "color": "#525357",
                  "fontSize": 16,
                  "fontWeight": "700",
                  "paddingBottom": "4%",
                }
              }
            >
              Username
            </Text>
            <Text
              style={
                [
                  {
                    "color": "#333333",
                    "fontSize": 16,
                    "fontWeight": "700",
                  },
                  {
                    "paddingLeft": "2.5%",
                  },
                ]
              }
            />
          </View>
        </View>
        <View
          style={
            {
              "backgroundColor": "white",
              "flexDirection": "row",
              "paddingTop": "4%",
              "width": "100%",
            }
          }
        >
          <View
            style={
              {
                "paddingLeft": "5%",
              }
            }
          >
            <Text
              style={
                {
                  "color": "#525357",
                  "fontSize": 16,
                  "fontWeight": "700",
                  "paddingBottom": "4%",
                }
              }
            >
              Email
            </Text>
            <Text
              style={
                [
                  {
                    "color": "#333333",
                    "fontSize": 16,
                    "fontWeight": "700",
                  },
                  {
                    "paddingLeft": "2.5%",
                  },
                ]
              }
            />
          </View>
        </View>
      </View>
    </View>
  </View>
  <View
    accessibilityState={
      {
        "busy": undefined,
        "checked": undefined,
        "disabled": undefined,
        "expanded": undefined,
        "selected": undefined,
      }
    }
    accessibilityValue={
      {
        "max": undefined,
        "min": undefined,
        "now": undefined,
        "text": undefined,
      }
    }
    accessible={true}
    collapsable={false}
    focusable={true}
    onClick={[Function]}
    onResponderGrant={[Function]}
    onResponderMove={[Function]}
    onResponderRelease={[Function]}
    onResponderTerminate={[Function]}
    onResponderTerminationRequest={[Function]}
    onStartShouldSetResponder={[Function]}
    style={
      {
        "alignItems": "center",
        "backgroundColor": "#1C58F2",
        "borderRadius": 20000,
        "height": 57,
        "justifyContent": "center",
        "left": "25%",
        "opacity": 1,
        "position": "absolute",
        "top": "88%",
        "width": "50%",
      }
    }
  >
    <Text
      style={
        {
          "color": "white",
          "fontSize": 20,
          "fontWeight": "600",
          "textAlign": "center",
        }
      }
    >
      Close
    </Text>
  </View>
</Modal>
`;
